// Jest Snapshot v1, https://goo.gl/fbAQLP

exports[`ForgotPassword View Should render the forgot password page 1`] = `
<DocumentFragment>
  <div
    class="sc-gKsewC lbpPqi"
    data-testid="forgot-password-view"
  >
    <div
      class="sc-iBPRYJ jHiIsc"
    >
      <h1
        class="sc-fubCfw gKkqKR"
      >
        Forgot password
      </h1>
      <span
        class="sc-pFZIQ bXFDDZ"
      >
        Enter your email address to reset password.
      </span>
      <div
        class="sc-jrAGrp eRiotu"
      >
        <form
          class="sc-eCssSg jvctCF"
          data-testid="forgot-password-form"
        >
          <div
            class="sc-bdfBwQ cgTScR"
          >
            <div
              class="MuiFormControl-root MuiTextField-root sc-gsTCUz jKtOdX"
            >
              <label
                class="MuiFormLabel-root MuiInputLabel-root MuiInputLabel-formControl MuiInputLabel-animated MuiInputLabel-outlined"
                data-shrink="false"
              >
                Email
              </label>
              <div
                class="MuiInputBase-root MuiOutlinedInput-root MuiInputBase-formControl"
              >
                <input
                  aria-invalid="false"
                  class="MuiInputBase-input MuiOutlinedInput-input"
                  data-testid="input-Email"
                  maxlength="255"
                  name="email"
                  rows="3"
                  type="email"
                  value=""
                />
                <fieldset
                  aria-hidden="true"
                  class="PrivateNotchedOutline-root-1 MuiOutlinedInput-notchedOutline"
                >
                  <legend
                    class="PrivateNotchedOutline-legendLabelled-3"
                  >
                    <span>
                      Email
                    </span>
                  </legend>
                </fieldset>
              </div>
            </div>
          </div>
          <div
            class="sc-jSgupP evxpKV"
          >
            <button
              class="sc-hKgILt bytOKm"
              data-testid="button"
              type="submit"
            >
              Reset my password
            </button>
          </div>
        </form>
      </div>
      <div
        class="sc-kEjbxe hAufN"
      >
        <a
          class="sc-iqHYGH hYDBwH"
          href="/signup"
        >
          Create account
        </a>
      </div>
    </div>
  </div>
</DocumentFragment>
`;
